// Jest Snapshot v1, https://goo.gl/fbAQLP

exports[`<Button /> test list render all list 1`] = `ShallowWrapper {}`;

exports[`<Button /> test list render all list 2`] = `ShallowWrapper {}`;

exports[`<Button /> test list render all list 3`] = `ShallowWrapper {}`;

exports[`<Button /> test list render all list 4`] = `ShallowWrapper {}`;

exports[`<Button /> test list render all list 5`] = `ShallowWrapper {}`;

exports[`<Button /> test list render all list 6`] = `ShallowWrapper {}`;

exports[`<Button /> test list render all list 7`] = `ShallowWrapper {}`;

exports[`<Button /> test list render all list 8`] = `ShallowWrapper {}`;

exports[`<Button /> test list render all list 9`] = `ShallowWrapper {}`;

exports[`<Button /> test list render all list 10`] = `ShallowWrapper {}`;

exports[`<Button /> test list render all list 11`] = `ShallowWrapper {}`;

exports[`<Button /> test list render all list 12`] = `ShallowWrapper {}`;

exports[`<Button /> test list render all list 13`] = `ShallowWrapper {}`;

exports[`<Button /> test list render all list 14`] = `ShallowWrapper {}`;

exports[`<Button /> test list render all list 15`] = `ShallowWrapper {}`;

exports[`<Button /> test list render all list 16`] = `ShallowWrapper {}`;

exports[`<Button /> test list render all list 17`] = `ShallowWrapper {}`;

exports[`<Button /> test list render all list 18`] = `ShallowWrapper {}`;

exports[`<Button /> test list render all list 19`] = `ShallowWrapper {}`;
