// Jest Snapshot v1, https://goo.gl/fbAQLP

exports[`<Input /> test list render all list 1`] = `ShallowWrapper {}`;

exports[`<Input /> test list render all list 2`] = `ShallowWrapper {}`;

exports[`<Input /> test list render all list 3`] = `ShallowWrapper {}`;

exports[`<Input /> test list render all list 4`] = `ShallowWrapper {}`;

exports[`<Input /> test list render all list 5`] = `ShallowWrapper {}`;

exports[`<Input /> test list render all list 6`] = `ShallowWrapper {}`;

exports[`<Input /> test list render all list 7`] = `ShallowWrapper {}`;

exports[`<Input /> test list render all list 8`] = `ShallowWrapper {}`;

exports[`<Input /> test list render all list 9`] = `ShallowWrapper {}`;

exports[`<Input /> test list render all list 10`] = `ShallowWrapper {}`;

exports[`<Input /> test list render all list 11`] = `ShallowWrapper {}`;

exports[`<Input /> test list render all list 12`] = `ShallowWrapper {}`;

exports[`<Input /> test list render all list 13`] = `ShallowWrapper {}`;

exports[`<Input /> test list render all list 14`] = `ShallowWrapper {}`;

exports[`<Input /> test list render all list 15`] = `ShallowWrapper {}`;

exports[`<Input /> test list render all list 16`] = `ShallowWrapper {}`;

exports[`<Input /> test list render all list 17`] = `ShallowWrapper {}`;

exports[`<Input /> test list render all list 18`] = `ShallowWrapper {}`;

exports[`<Input /> test list render all list 19`] = `ShallowWrapper {}`;

exports[`<Input /> test list render all list 20`] = `ShallowWrapper {}`;

exports[`<Input /> test list render all list 21`] = `ShallowWrapper {}`;

exports[`<Input /> test list render all list 22`] = `ShallowWrapper {}`;

exports[`<Input /> test list render all list 23`] = `ShallowWrapper {}`;

exports[`<Input /> test list render all list 24`] = `ShallowWrapper {}`;

exports[`<Input /> test list render all list 25`] = `ShallowWrapper {}`;

exports[`<Input /> test list render all list 26`] = `ShallowWrapper {}`;

exports[`<Input /> test list render all list 27`] = `ShallowWrapper {}`;

exports[`<Input /> test list render all list 28`] = `ShallowWrapper {}`;

exports[`<Input /> test list render all list 29`] = `ShallowWrapper {}`;

exports[`<Input /> test list render all list 30`] = `ShallowWrapper {}`;

exports[`<Input /> test list render all list 31`] = `ShallowWrapper {}`;
